2026-07-13 10:01:01.911 [main] INFO  o.b.server.config.DatabaseConfig - HikariCP pool initialised — jdbcUrl=jdbc:postgresql://localhost:5433/dcoms_cms, maxPoolSize=10
2026-07-13 10:01:01.952 [main] INFO  com.zaxxer.hikari.HikariDataSource - HikariPool-1 - Starting...
2026-07-13 10:01:02.491 [main] INFO  com.zaxxer.hikari.pool.HikariPool - HikariPool-1 - Added connection org.postgresql.jdbc.PgConnection@31bcf236
2026-07-13 10:01:02.497 [main] INFO  com.zaxxer.hikari.HikariDataSource - HikariPool-1 - Start completed.
2026-07-13 10:01:04.752 [main] INFO  o.b.server.config.DatabaseConfig - Shutting down HikariCP connection pool...
2026-07-13 10:01:04.752 [main] INFO  com.zaxxer.hikari.HikariDataSource - HikariPool-1 - Shutdown initiated...
2026-07-13 10:01:04.754 [main] INFO  com.zaxxer.hikari.HikariDataSource - HikariPool-1 - Shutdown completed.
2026-07-13 10:01:04.755 [main] INFO  o.b.server.config.DatabaseConfig - Connection pool shut down successfully
2026-07-13 10:01:59.645 [main] INFO  o.b.server.config.DatabaseConfig - HikariCP pool initialised — jdbcUrl=jdbc:postgresql://localhost:5433/dcoms_cms, maxPoolSize=10
2026-07-13 10:01:59.666 [main] INFO  com.zaxxer.hikari.HikariDataSource - HikariPool-1 - Starting...
2026-07-13 10:01:59.997 [main] INFO  com.zaxxer.hikari.pool.HikariPool - HikariPool-1 - Added connection org.postgresql.jdbc.PgConnection@3a0baae5
2026-07-13 10:01:59.997 [main] INFO  com.zaxxer.hikari.HikariDataSource - HikariPool-1 - Start completed.
2026-07-13 10:02:02.220 [main] INFO  o.b.server.config.DatabaseConfig - Shutting down HikariCP connection pool...
2026-07-13 10:02:02.220 [main] INFO  com.zaxxer.hikari.HikariDataSource - HikariPool-1 - Shutdown initiated...
2026-07-13 10:02:02.225 [main] INFO  com.zaxxer.hikari.HikariDataSource - HikariPool-1 - Shutdown completed.
2026-07-13 10:02:02.225 [main] INFO  o.b.server.config.DatabaseConfig - Connection pool shut down successfully
2026-07-13 10:02:56.222 [main] INFO  o.b.server.config.DatabaseConfig - HikariCP pool initialised — jdbcUrl=jdbc:postgresql://localhost:5433/dcoms_cms, maxPoolSize=10
2026-07-13 10:02:56.255 [main] INFO  com.zaxxer.hikari.HikariDataSource - HikariPool-1 - Starting...
2026-07-13 10:02:56.622 [main] INFO  com.zaxxer.hikari.pool.HikariPool - HikariPool-1 - Added connection org.postgresql.jdbc.PgConnection@6a55299e
2026-07-13 10:02:56.635 [main] INFO  com.zaxxer.hikari.HikariDataSource - HikariPool-1 - Start completed.
2026-07-13 10:02:58.937 [main] INFO  o.b.server.config.DatabaseConfig - Shutting down HikariCP connection pool...
2026-07-13 10:02:58.938 [main] INFO  com.zaxxer.hikari.HikariDataSource - HikariPool-1 - Shutdown initiated...
2026-07-13 10:02:58.943 [main] INFO  com.zaxxer.hikari.HikariDataSource - HikariPool-1 - Shutdown completed.
2026-07-13 10:02:58.943 [main] INFO  o.b.server.config.DatabaseConfig - Connection pool shut down successfully
2026-07-13 10:03:25.397 [main] INFO  o.b.server.config.DatabaseConfig - HikariCP pool initialised — jdbcUrl=jdbc:postgresql://localhost:5433/dcoms_cms, maxPoolSize=10
2026-07-13 10:03:25.409 [main] INFO  com.zaxxer.hikari.HikariDataSource - HikariPool-1 - Starting...
2026-07-13 10:03:25.908 [main] INFO  com.zaxxer.hikari.pool.HikariPool - HikariPool-1 - Added connection org.postgresql.jdbc.PgConnection@41d426b5
2026-07-13 10:03:25.908 [main] INFO  com.zaxxer.hikari.HikariDataSource - HikariPool-1 - Start completed.
2026-07-13 10:03:28.105 [main] INFO  o.b.server.config.DatabaseConfig - Shutting down HikariCP connection pool...
2026-07-13 10:03:28.106 [main] INFO  com.zaxxer.hikari.HikariDataSource - HikariPool-1 - Shutdown initiated...
2026-07-13 10:03:28.109 [main] INFO  com.zaxxer.hikari.HikariDataSource - HikariPool-1 - Shutdown completed.
2026-07-13 10:03:28.109 [main] INFO  o.b.server.config.DatabaseConfig - Connection pool shut down successfully
